File	NumPeps
clusters/aligned/POX_id70_0_mafft-mafft.fasta	17
clusters/aligned/POX_id70_1_mafft-mafft.fasta	30
clusters/aligned/POX_id70_2_mafft-mafft.fasta	23
clusters/aligned/POX_id70_3_mafft-mafft.fasta	13
clusters/aligned/POX_id70_4_mafft-mafft.fasta	13
clusters/aligned/POX_id70_5_mafft-mafft.fasta	4
clusters/aligned/POX_id70_6_mafft-mafft.fasta	3
clusters/aligned/POX_id70_7_mafft-mafft.fasta	3
clusters/aligned/POX_id70_8_mafft-mafft.fasta	3
clusters/aligned/POX_id70_9_mafft-mafft.fasta	3
