File	NumPeps
clusters/POX_id70_0	25
clusters/POX_id70_1	38
clusters/POX_id70_2	22
clusters/POX_id70_3	19
clusters/POX_id70_4	17
clusters/POX_id70_5	5
clusters/POX_id70_6	5
clusters/POX_id70_7	3
clusters/POX_id70_8	5
clusters/POX_id70_9	3
